// Jest Snapshot v1, https://goo.gl/fbAQLP

exports[`Story <Example /> 1`] = `
<div
  className=""
>
  <div
    className=""
  >
    <div
      className=""
    >
      \${({ theme }) =&gt; theme.utils.typography(14, true)}
    </div>
  </div>
  <div
    className=""
  >
    <div
      className=""
    >
      <pre
        className=""
      >
        <code
          className=""
        >
          \${({ theme }) =&gt; [
    theme.utils.margin(16, 'auto'),
    theme.utils.padding(4, 8, 16, 24),
  ]}
        </code>
      </pre>
    </div>
  </div>
  <div
    className=""
  >
    <div
      className=""
    >
      theme.utils.assertiveRingCss
    </div>
  </div>
  <div
    className=""
  >
    <button
      className=""
    >
      theme.utils.focusVisibleFocusRingCss
    </button>
    <button
      className=""
      disabled={true}
    >
      theme.utils.disabledCss
    </button>
  </div>
</div>
`;

exports[`ThemeUtilsTest <ThemeUtilsTest /> 1`] = `
<div
  className=""
>
  <div
    className=""
  />
  <div
    className=""
  />
  <div
    className=""
  />
</div>
`;
