// Jest Snapshot v1, https://goo.gl/fbAQLP

exports[`Story <Example /> 1`] = `
.c1 {
  background-color: var(--charcoal-surface3);
  color: var(--charcoal-text4);
  display: flow-root;
  font-size: 32px;
  line-height: 40px;
  font-family: monospace;
  margin-top: 24px;
  margin-bottom: 24px;
  padding-left: 64px;
  padding-top: 64px;
}

.c1::before {
  display: block;
  width: 0;
  height: 0;
  content: '';
  margin-top: -4px;
}

.c1::after {
  display: block;
  width: 0;
  height: 0;
  content: '';
  margin-bottom: -4px;
}

.c0 {
  background-color: var(--charcoal-surface2);
  color: var(--charcoal-text2);
  font-size: 20px;
  line-height: 28px;
  font-weight: bold;
  padding: 36px 40px 36px 40px;
  margin-top: 24px;
  margin-bottom: 24px;
}

.c2 {
  background-color: var(--charcoal-surface2);
  padding: 40px;
}

.c3 {
  background-color: var(--charcoal-surface4);
  color: var(--charcoal-text5);
  display: flow-root;
  font-size: 20px;
  line-height: 28px;
  font-weight: bold;
  height: 40px;
}

.c3::before {
  display: block;
  width: 0;
  height: 0;
  content: '';
  margin-top: -4px;
}

.c3::after {
  display: block;
  width: 0;
  height: 0;
  content: '';
  margin-bottom: -4px;
}

.c4 {
  background-color: var(--charcoal-surface3);
  color: var(--charcoal-text1);
  display: flow-root;
  font-size: 16px;
  line-height: 24px;
  width: 392px;
  margin-top: 24px;
  margin-bottom: 24px;
}

.c4::before {
  display: block;
  width: 0;
  height: 0;
  content: '';
  margin-top: -4px;
}

.c4::after {
  display: block;
  width: 0;
  height: 0;
  content: '';
  margin-bottom: -4px;
}

.c5 {
  height: 64px;
}

.c6 {
  background-color: var(--charcoal-surface4);
  color: var(--charcoal-text5);
  font-size: 20px;
  line-height: 28px;
  font-weight: bold;
  margin-top: 64px;
  margin-bottom: 24px;
  padding: 60px 64px 60px 64px;
  -webkit-transition: 0.2s background-color,0.2s color;
  transition: 0.2s background-color,0.2s color;
}

.c6:hover:not(:disabled):not([aria-disabled]),
.c6[aria-disabled=false] {
  background-color: var(--charcoal-surface4-hover);
}

.c6:active:not(:disabled):not([aria-disabled]),
.c6[aria-disabled=false] {
  background-color: var(--charcoal-surface4-press);
}

.c6:hover:not(:disabled):not([aria-disabled]),
.c6[aria-disabled=false] {
  color: var(--charcoal-text5-hover);
}

.c6:active:not(:disabled):not([aria-disabled]),
.c6[aria-disabled=false] {
  color: var(--charcoal-text5-press);
}

.c8 {
  background-color: var(--charcoal-surface3);
  display: flow-root;
  font-size: 16px;
  line-height: 24px;
  font-weight: bold;
  margin-top: 24px;
  margin-bottom: 24px;
  padding: 24px;
}

.c8::before {
  display: block;
  width: 0;
  height: 0;
  content: '';
  margin-top: -4px;
}

.c8::after {
  display: block;
  width: 0;
  height: 0;
  content: '';
  margin-bottom: -4px;
}

.c7 {
  background-color: var(--charcoal-surface3);
  font-size: 16px;
  line-height: 24px;
  font-weight: bold;
  padding: 20px 24px 20px 24px;
  margin-top: 24px;
  margin-bottom: 24px;
}

.c9 {
  background-color: var(--charcoal-surface3);
  font-size: 16px;
  line-height: 24px;
  font-weight: bold;
  padding: 24px;
  margin-top: 24px;
  margin-bottom: 24px;
}

.c10 {
  background-color: var(--charcoal-surface3);
  color: var(--charcoal-text2);
  display: flow-root;
  font-size: 20px;
  line-height: 28px;
  font-weight: bold;
  width: 288px;
  height: 64px;
  margin-top: 24px;
  margin-bottom: 24px;
}

.c10::before {
  display: block;
  width: 0;
  height: 0;
  content: '';
  margin-top: -4px;
}

.c10::after {
  display: block;
  width: 0;
  height: 0;
  content: '';
  margin-bottom: -4px;
}

.c11 {
  display: grid;
  grid-auto-flow: column;
  -webkit-box-pack: start;
  -webkit-justify-content: start;
  -ms-flex-pack: start;
  justify-content: start;
  gap: 16px;
  margin-top: 24px;
  margin-bottom: 24px;
}

.c12 {
  font: inherit;
  -webkit-appearance: none;
  -moz-appearance: none;
  appearance: none;
  border-style: none;
  cursor: pointer;
  background-color: var(--charcoal-brand);
  color: var(--charcoal-text5);
  display: flow-root;
  font-size: 14px;
  line-height: 22px;
  font-weight: bold;
  height: 40px;
  padding-left: 24px;
  padding-right: 24px;
  border-radius: 99999px;
  -webkit-transition: 0.2s background-color,0.2s color,0.2s box-shadow;
  transition: 0.2s background-color,0.2s color,0.2s box-shadow;
}

.c12:focus {
  outline: none;
}

.c12:hover:not(:disabled):not([aria-disabled]),
.c12[aria-disabled=false] {
  background-color: var(--charcoal-brand-hover);
}

.c12:active:not(:disabled):not([aria-disabled]),
.c12[aria-disabled=false] {
  background-color: var(--charcoal-brand-press);
}

.c12:hover:not(:disabled):not([aria-disabled]),
.c12[aria-disabled=false] {
  color: var(--charcoal-text5-hover);
}

.c12:active:not(:disabled):not([aria-disabled]),
.c12[aria-disabled=false] {
  color: var(--charcoal-text5-press);
}

.c12::before {
  display: block;
  width: 0;
  height: 0;
  content: '';
  margin-top: -4px;
}

.c12::after {
  display: block;
  width: 0;
  height: 0;
  content: '';
  margin-bottom: -4px;
}

.c12:disabled {
  opacity: 0.32;
}

.c12:focus {
  outline: none;
  box-shadow: 0 0 0 4px rgba(0,150,250,0.32);
}

.c12:disabled,
.c12[aria-disabled]:not([aria-disabled=false]) {
  cursor: unset;
}

.c13 {
  font: inherit;
  -webkit-appearance: none;
  -moz-appearance: none;
  appearance: none;
  border-style: none;
  height: 40px;
  width: 184px;
  padding-left: 8px;
  padding-right: 8px;
  padding-top: 0px;
  padding-bottom: 0px;
  border-radius: 4px;
  background-color: var(--charcoal-surface3);
  color: var(--charcoal-text2);
  font-size: 14px;
  line-height: 22px;
  -webkit-transition: 0.2s background-color,0.2s box-shadow;
  transition: 0.2s background-color,0.2s box-shadow;
}

.c13:focus {
  outline: none;
}

.c13:hover:not(:disabled):not([aria-disabled]),
.c13[aria-disabled=false] {
  background-color: var(--charcoal-surface3-hover);
}

.c13:disabled {
  opacity: 0.32;
}

.c13:focus {
  outline: none;
  box-shadow: 0 0 0 4px rgba(0,150,250,0.32);
}

.c14 {
  font: inherit;
  -webkit-appearance: none;
  -moz-appearance: none;
  appearance: none;
  border-style: none;
  height: 40px;
  width: 184px;
  padding-left: 8px;
  padding-right: 8px;
  padding-top: 0px;
  padding-bottom: 0px;
  border-radius: 4px;
  background-color: var(--charcoal-surface3);
  color: var(--charcoal-text2);
  font-size: 14px;
  line-height: 22px;
  outline: none;
  box-shadow: 0 0 0 4px rgba(255,43,0,0.32);
  -webkit-transition: 0.2s background-color,0.2s box-shadow;
  transition: 0.2s background-color,0.2s box-shadow;
}

.c14:focus {
  outline: none;
}

.c14:hover:not(:disabled):not([aria-disabled]),
.c14[aria-disabled=false] {
  background-color: var(--charcoal-surface3-hover);
}

.c14:disabled {
  opacity: 0.32;
}

.c14:focus {
  outline: none;
  box-shadow: 0 0 0 4px rgba(0,150,250,0.32);
}

.c15 {
  background-color: var(--charcoal-background1);
  color: var(--charcoal-text2);
  font-size: 14px;
  line-height: 22px;
  width: 392px;
  margin-top: 40px;
  margin-bottom: 40px;
  padding: 20px 24px 20px 24px;
  border: 1px solid var(--charcoal-border-default);
  border-radius: 8px;
}

.c16 {
  background-color: #d1ff1a;
  background-image: linear-gradient(to right,#d1ff1a 0%,#1ad1ff 100%);
  color: var(--charcoal-text5);
  width: 184px;
  padding: 36px 40px 36px 40px;
  margin-top: 24px;
  margin-bottom: 24px;
  font-size: 20px;
  line-height: 28px;
  font-weight: bold;
  border-radius: 8px;
  -webkit-transition: 0.2s background-color,0.2s color;
  transition: 0.2s background-color,0.2s color;
  text-align: center;
}

.c16:hover:not(:disabled):not([aria-disabled]),
.c16[aria-disabled=false] {
  background-color: var(--charcoal-background1-hover);
}

.c16:active:not(:disabled):not([aria-disabled]),
.c16[aria-disabled=false] {
  background-color: var(--charcoal-background1-press);
}

.c16:hover:not(:disabled):not([aria-disabled]),
.c16[aria-disabled=false] {
  color: var(--charcoal-text5-hover);
}

.c16:active:not(:disabled):not([aria-disabled]),
.c16[aria-disabled=false] {
  color: var(--charcoal-text5-press);
}

.c17 {
  background-color: #d1ff1a;
  background-image: linear-gradient(to right,#d1ff1a 0%,#1ad1ff 100%);
  color: var(--charcoal-text5);
  width: 184px;
  margin-top: 24px;
  margin-bottom: 24px;
  display: flow-root;
  font-size: 20px;
  line-height: 28px;
  font-weight: bold;
  border-radius: 8px;
  -webkit-transition: 0.2s background-color,0.2s color;
  transition: 0.2s background-color,0.2s color;
  padding: 40px;
  text-align: center;
}

.c17:hover:not(:disabled):not([aria-disabled]),
.c17[aria-disabled=false] {
  background-color: var(--charcoal-background1-hover);
}

.c17:active:not(:disabled):not([aria-disabled]),
.c17[aria-disabled=false] {
  background-color: var(--charcoal-background1-press);
}

.c17:hover:not(:disabled):not([aria-disabled]),
.c17[aria-disabled=false] {
  color: var(--charcoal-text5-hover);
}

.c17:active:not(:disabled):not([aria-disabled]),
.c17[aria-disabled=false] {
  color: var(--charcoal-text5-press);
}

.c17::before {
  display: block;
  width: 0;
  height: 0;
  content: '';
  margin-top: -4px;
}

.c17::after {
  display: block;
  width: 0;
  height: 0;
  content: '';
  margin-bottom: -4px;
}

.c18 {
  width: 288px;
  margin-top: 24px;
  margin-bottom: 24px;
}

.c19 {
  display: inline-block;
  width: 100%;
  background-color: var(--charcoal-surface4);
  color: var(--charcoal-text5);
  padding: 16px;
}

.c20 {
  --charcoal-text1: #ffff00;
  --charcoal-text1-hover: #f5f500;
  --charcoal-text1-press: #d6d600;
  background-color: var(--charcoal-surface4);
  color: var(--charcoal-text1);
}

<div
  className=""
>
  <div
    className="c0"
  >
    Sample
  </div>
  <div
    className="c1"
  >
    Left Top Padding
  </div>
  <div
    className="c2"
  >
    <div
      className="c3"
    >
      Nested
    </div>
  </div>
  <div
    className="c4"
  >
    Lorem ipsum, dolor sit amet consectetur adipisicing elit. Autem dolores, recusandae quidem mollitia eum non vel architecto possimus repudiandae quis molestias neque facilis rem dolorum voluptatem impedit nemo praesentium voluptas.
  </div>
  <div
    className="c4 c5"
  >
    Lorem ipsum, dolor sit amet consectetur adipisicing elit. Autem dolores, recusandae quidem mollitia eum non vel architecto possimus repudiandae quis molestias neque facilis rem dolorum voluptatem impedit nemo praesentium voluptas.
  </div>
  <div
    className="c6"
  >
    With effects
  </div>
  <div
    className="c7"
  >
    Without half-leading
  </div>
  <div
    className="c8"
  >
    Without half-leading (No optimization)
  </div>
  <div
    className="c9"
  >
    With half-leading
  </div>
  <div
    className="c10"
  >
    Fixed size box
  </div>
  <div
    className="c11"
  >
    <button
      className="c12"
    >
      Button
    </button>
    <button
      className="c12"
      disabled={true}
    >
      Disabled
    </button>
  </div>
  <div
    className="c11"
  >
    <input
      className="c13"
      type="text"
      value="text field"
    />
    <input
      className="c13"
      disabled={true}
      type="text"
      value="disabled"
    />
    <input
      className="c14"
      type="text"
      value="invalid"
    />
  </div>
  <div
    className="c15"
  >
    Border
  </div>
  <div
    className="c16"
  >
    Gradient
  </div>
  <div
    className="c17"
  >
    Gradient (Warning)
  </div>
  <div
    css="
      display: flex;
    "
  >
    <div
      css={
        Array [
          Array [
            "
            ",
            "color",
            ": var(--charcoal-",
            "text5",
            ");
          ",
          ],
          Array [
            "
          :",
            "hover",
            ":not(:disabled):not([aria-disabled]),&[aria-disabled=false]  {
            ",
            "color",
            ": var(--charcoal-",
            "text5",
            "-",
            "hover",
            ");
          }
        ",
          ],
          Array [
            "
          :",
            "active",
            ":not(:disabled):not([aria-disabled]),&[aria-disabled=false]  {
            ",
            "color",
            ": var(--charcoal-",
            "text5",
            "-",
            "press",
            ");
          }
        ",
          ],
          Array [
            "
            font-size: ",
            "14",
            "px;
            line-height: ",
            "22",
            "px;
          ",
          ],
          Array [
            "
                font-weight: bold;
              ",
          ],
          Array [
            "
                  ",
            "padding",
            ": ",
            "12",
            "px ",
            "16",
            "px ",
            "12",
            "px ",
            "16",
            "px;
                ",
          ],
          Array [
            "
              border-radius: ",
            "8",
            "px;
            ",
          ],
          Array [
            "
    transition: ",
            "0.2s color",
            ";
  ",
          ],
        ]
      }
    >
      Tailwind like
    </div>
  </div>
  <div
    className="c18"
  >
    <div
      className="c19"
    >
      Full width
    </div>
  </div>
  <div
    className="c20"
  >
    This is actually text1 !
  </div>
</div>
`;

exports[`Story <TailwindLike /> 1`] = `
<div
  css="
      display: flex;
    "
>
  <div
    css={
      Array [
        Array [
          "
            ",
          "color",
          ": var(--charcoal-",
          "text5",
          ");
          ",
        ],
        Array [
          "
          :",
          "hover",
          ":not(:disabled):not([aria-disabled]),&[aria-disabled=false]  {
            ",
          "color",
          ": var(--charcoal-",
          "text5",
          "-",
          "hover",
          ");
          }
        ",
        ],
        Array [
          "
          :",
          "active",
          ":not(:disabled):not([aria-disabled]),&[aria-disabled=false]  {
            ",
          "color",
          ": var(--charcoal-",
          "text5",
          "-",
          "press",
          ");
          }
        ",
        ],
        Array [
          "
            font-size: ",
          "14",
          "px;
            line-height: ",
          "22",
          "px;
          ",
        ],
        Array [
          "
                font-weight: bold;
              ",
        ],
        Array [
          "
                  ",
          "padding",
          ": ",
          "12",
          "px ",
          "16",
          "px ",
          "12",
          "px ",
          "16",
          "px;
                ",
        ],
        Array [
          "
              border-radius: ",
          "8",
          "px;
            ",
        ],
        Array [
          "
    transition: ",
          "0.2s color",
          ";
  ",
        ],
      ]
    }
  >
    Tailwind like
  </div>
</div>
`;
