// Jest Snapshot v1, https://goo.gl/fbAQLP

exports[`Checkbox <Checkbox /> 1`] = `
.c0 {
  position: relative;
  display: -webkit-box;
  display: -webkit-flex;
  display: -ms-flexbox;
  display: flex;
  cursor: pointer;
  gap: 4px;
}

.c0:disabled,
.c0[aria-disabled]:not([aria-disabled=false]) {
  cursor: default;
}

.c0:disabled,
.c0[aria-disabled]:not([aria-disabled=false]) {
  opacity: 0.32;
}

.c1 {
  position: relative;
}

.c2[type='checkbox'] {
  -webkit-appearance: none;
  -moz-appearance: none;
  appearance: none;
  display: block;
  cursor: pointer;
  margin: 0;
  width: 20px;
  height: 20px;
  border-radius: 4px;
  -webkit-transition: 0.2s box-shadow;
  transition: 0.2s box-shadow;
  -webkit-transition: all 0.2s !important;
  transition: all 0.2s !important;
}

.c2[type='checkbox']:checked {
  background-color: var(--charcoal-brand);
  -webkit-transition: 0.2s background-color;
  transition: 0.2s background-color;
}

.c2[type='checkbox']:checked:hover:not(:disabled):not([aria-disabled]),
.c2[type='checkbox']:checked:hover[aria-disabled=false] {
  background-color: var(--charcoal-brand-hover);
}

.c2[type='checkbox']:checked:active:not(:disabled):not([aria-disabled]),
.c2[type='checkbox']:checked:active[aria-disabled=false] {
  background-color: var(--charcoal-brand-press);
}

.c2[type='checkbox']:not(:checked) {
  border-width: 2px;
  border-style: solid;
  border-color: #adadad;
}

.c2[type='checkbox']:not(:disabled):not([aria-disabled]):focus,
.c2[type='checkbox'][aria-disabled=false]:focus,
.c2[type='checkbox']:not(:disabled):not([aria-disabled]):active,
.c2[type='checkbox'][aria-disabled=false]:active {
  outline: none;
  box-shadow: 0 0 0 4px rgba(0,150,250,0.32);
}

.c2[type='checkbox']:not(:disabled):not([aria-disabled]):focus:not(:focus-visible),
.c2[type='checkbox'][aria-disabled=false]:focus:not(:focus-visible),
.c2[type='checkbox']:not(:disabled):not([aria-disabled]):active:not(:focus-visible),
.c2[type='checkbox'][aria-disabled=false]:active:not(:focus-visible) {
  outline: none;
}

.c2[type='checkbox']:not(:disabled):not([aria-disabled]):focus-visible,
.c2[type='checkbox'][aria-disabled=false]:focus-visible {
  outline: none;
  box-shadow: 0 0 0 4px rgba(0,150,250,0.32);
}

.c3 {
  position: absolute;
  top: -2px;
  left: -2px;
  box-sizing: border-box;
  display: -webkit-box;
  display: -webkit-flex;
  display: -ms-flexbox;
  display: flex;
  -webkit-align-items: center;
  -webkit-box-align: center;
  -ms-flex-align: center;
  align-items: center;
  -webkit-box-pack: center;
  -webkit-justify-content: center;
  -ms-flex-pack: center;
  justify-content: center;
  width: 24px;
  height: 24px;
  color: var(--charcoal-text5);
  visibility: hidden;
}

<label
  aria-disabled={false}
  className="c0"
>
  <div
    className="c1"
  >
    <input
      aria-label="test"
      checked={false}
      className="c2"
      disabled={false}
      onChange={[Function]}
      onClick={[Function]}
      onDragStart={[Function]}
      onKeyDown={[Function]}
      onKeyUp={[Function]}
      onMouseDown={[Function]}
      onMouseEnter={[Function]}
      onMouseLeave={[Function]}
      onMouseUp={[Function]}
      onTouchCancel={[Function]}
      onTouchEnd={[Function]}
      onTouchMove={[Function]}
      onTouchStart={[Function]}
      type="checkbox"
    />
    <div
      aria-hidden={true}
      checked={false}
      className="c3"
    >
      <pixiv-icon
        name="24/Check"
        unsafe-non-guideline-scale={0.6666666666666666}
      />
    </div>
  </div>
</label>
`;
