// Jest Snapshot v1, https://goo.gl/fbAQLP

exports[`<Button /> componentAs props are passed to the data-as attribute 1`] = `
<a
  className="charcoal-button"
  data-as="componentAs"
  data-full-width={true}
  href="/"
  target="_blank"
/>
`;
